// Jest Snapshot v1, https://goo.gl/fbAQLP

exports[`Header Unit Test カートへボタン押下: Top 1`] = `
<DocumentFragment>
  <div
    class="home"
  >
    <div
      class="home__container"
    >
      <div
        class="home__image"
      >
        <div
          class="Carousel-root-1 "
        >
          <div
            class="CarouselItem"
          >
            <div
              style="opacity: 1; webkit-transition: opacity 500ms cubic-bezier(0.4, 0, 0.2, 1) 0ms; transition: opacity 500ms cubic-bezier(0.4, 0, 0.2, 1) 0ms;"
            >
              <div
                class="MuiPaper-root MuiPaper-elevation1 MuiPaper-rounded"
              >
                <img
                  alt="amazon banner"
                  src="https://images-eu.ssl-images-amazon.com/images/G/02/digital/video/merch2016/Hero/Covid19/Generic/GWBleedingHero_ENG_COVIDUPDATE__XSite_1500x600_PV_en-GB._CB428684220_.jpg"
                />
              </div>
            </div>
          </div>
          <div
            class="Carousel-buttonWrapper-6   Carousel-next-12"
          >
            <button
              aria-label="Next"
              class="MuiButtonBase-root MuiIconButton-root Carousel-button-11 Carousel-buttonHidden-10  "
              tabindex="0"
              type="button"
            >
              <span
                class="MuiIconButton-label"
              >
                <svg
                  aria-hidden="true"
                  class="MuiSvgIcon-root"
                  focusable="false"
                  viewBox="0 0 24 24"
                >
                  <path
                    d="M10 6L8.59 7.41 13.17 12l-4.58 4.59L10 18l6-6z"
                  />
                </svg>
              </span>
              <span
                class="MuiTouchRipple-root"
              />
            </button>
          </div>
          <div
            class="Carousel-buttonWrapper-6   Carousel-prev-13"
          >
            <button
              aria-label="Previous"
              class="MuiButtonBase-root MuiIconButton-root Carousel-button-11 Carousel-buttonHidden-10  "
              tabindex="0"
              type="button"
            >
              <span
                class="MuiIconButton-label"
              >
                <svg
                  aria-hidden="true"
                  class="MuiSvgIcon-root"
                  focusable="false"
                  viewBox="0 0 24 24"
                >
                  <path
                    d="M15.41 7.41L14 6l-6 6 6 6 1.41-1.41L10.83 12z"
                  />
                </svg>
              </span>
              <span
                class="MuiTouchRipple-root"
              />
            </button>
          </div>
        </div>
      </div>
      <div
        class="home__rowContainer"
      >
        <div
          class="home__row"
        >
          <div
            class="product"
          >
            <div
              class="product__info"
            >
              <p>
                The Lean Startup: How Constant Innovation Creates Radically Successful Businesses Paperback
              </p>
              <p>
                12321341
              </p>
              <p
                class="product__price"
              >
                <small>
                  ¥
                </small>
                <strong>
                  1196
                </strong>
              </p>
              <div
                class="product__rating"
              >
                <p>
                  🌟
                </p>
                <p>
                  🌟
                </p>
                <p>
                  🌟
                </p>
                <p>
                  🌟
                </p>
                <p>
                  🌟
                </p>
              </div>
            </div>
            <div
              class="product__rating"
            />
            <img
              alt="The Lean Startup book cover"
              src="https://images-na.ssl-images-amazon.com/images/I/51Zymoq7UnL._SX325_BO1,204,203,200_.jpg"
            />
            <button>
              カートへ
            </button>
          </div>
          <div
            class="product"
          >
            <div
              class="product__info"
            >
              <p>
                Kenwood kMix Stand Mixer for Baking, Stylish Kitchen Mixer with K-beater, Dough Hook and Whisk, 5 Litre Glass Bowl
              </p>
              <p>
                49538094
              </p>
              <p
                class="product__price"
              >
                <small>
                  ¥
                </small>
                <strong>
                  239
                </strong>
              </p>
              <div
                class="product__rating"
              >
                <p>
                  🌟
                </p>
                <p>
                  🌟
                </p>
                <p>
                  🌟
                </p>
                <p>
                  🌟
                </p>
              </div>
            </div>
            <div
              class="product__rating"
            />
            <img
              alt="The Lean Startup book cover"
              src="https://images-na.ssl-images-amazon.com/images/I/81O%2BGNdkzKL._AC_SX450_.jpg"
            />
            <button>
              カートへ
            </button>
          </div>
        </div>
        <div
          class="home__row"
        >
          <div
            class="product"
          >
            <div
              class="product__info"
            >
              <p>
                Samsung LC49RG90SSUXEN 49' Curved LED Gaming Monitor
              </p>
              <p>
                4903850
              </p>
              <p
                class="product__price"
              >
                <small>
                  ¥
                </small>
                <strong>
                  199
                </strong>
              </p>
              <div
                class="product__rating"
              >
                <p>
                  🌟
                </p>
                <p>
                  🌟
                </p>
                <p>
                  🌟
                </p>
              </div>
            </div>
            <div
              class="product__rating"
            />
            <img
              alt="The Lean Startup book cover"
              src="https://images-na.ssl-images-amazon.com/images/I/71Swqqe7XAL._AC_SX466_.jpg"
            />
            <button>
              カートへ
            </button>
          </div>
          <div
            class="product"
          >
            <div
              class="product__info"
            >
              <p>
                Amazon Echo (3rd generation) | Smart speaker with Alexa, Charcoal Fabric
              </p>
              <p>
                23445930
              </p>
              <p
                class="product__price"
              >
                <small>
                  ¥
                </small>
                <strong>
                  98
                </strong>
              </p>
              <div
                class="product__rating"
              >
                <p>
                  🌟
                </p>
                <p>
                  🌟
                </p>
                <p>
                  🌟
                </p>
                <p>
                  🌟
                </p>
                <p>
                  🌟
                </p>
              </div>
            </div>
            <div
              class="product__rating"
            />
            <img
              alt="The Lean Startup book cover"
              src="https://media.very.co.uk/i/very/P6LTG_SQ1_0000000071_CHARCOAL_SLf?$300x400_retinamobilex2$"
            />
            <button>
              カートへ
            </button>
          </div>
          <div
            class="product"
          >
            <div
              class="product__info"
            >
              <p>
                New Apple iPad Pro (12.9-inch, Wi-Fi, 128GB) - Silver (4th Generation)
              </p>
              <p>
                3254354345
              </p>
              <p
                class="product__price"
              >
                <small>
                  ¥
                </small>
                <strong>
                  598
                </strong>
              </p>
              <div
                class="product__rating"
              >
                <p>
                  🌟
                </p>
                <p>
                  🌟
                </p>
                <p>
                  🌟
                </p>
                <p>
                  🌟
                </p>
              </div>
            </div>
            <div
              class="product__rating"
            />
            <img
              alt="The Lean Startup book cover"
              src="https://images-na.ssl-images-amazon.com/images/I/816ctt5WV5L._AC_SX385_.jpg"
            />
            <button>
              カートへ
            </button>
          </div>
        </div>
        <div
          class="home__row"
        >
          <div
            class="product"
          >
            <div
              class="product__info"
            >
              <p>
                Samsung LC49RG90SSUXEN 49' Curved LED Gaming Monitor - Super Ultra Wide Dual WQHD 5120 x 1440
              </p>
              <p>
                90829332
              </p>
              <p
                class="product__price"
              >
                <small>
                  ¥
                </small>
                <strong>
                  1094
                </strong>
              </p>
              <div
                class="product__rating"
              >
                <p>
                  🌟
                </p>
                <p>
                  🌟
                </p>
                <p>
                  🌟
                </p>
                <p>
                  🌟
                </p>
              </div>
            </div>
            <div
              class="product__rating"
            />
            <img
              alt="The Lean Startup book cover"
              src="https://images-na.ssl-images-amazon.com/images/I/6125mFrzr6L._AC_SX355_.jpg"
            />
            <button>
              カートへ
            </button>
          </div>
        </div>
      </div>
    </div>
  </div>
</DocumentFragment>
`;
