// Jest Snapshot v1, https://goo.gl/fbAQLP

exports[`Checkout Checkout画面 snapshot確認: Checkout 1`] = `
<DocumentFragment>
  <div>
    <div
      class="checkout"
    >
      <div
        class="checkout__left"
      >
        <img
          alt="checkout component ad banner"
          class="checkout__ad"
          src="https://images-na.ssl-images-amazon.com/images/G/02/UK_CCMP/TM/OCC_Amazon1._CB423492668_.jpg"
        />
        <div>
          <h3>
            Hello xxx@yyy.com
          </h3>
          <h2
            class="checkout__title"
          >
            Your shopping basket
          </h2>
          <div
            class="checkoutProduct"
          >
            <img
              alt="checkoutProductImg"
              class="checkoutProduct__image"
              src="https://www.anoyama.com/wp-content/uploads/2019/05/0_equipment-860x550.jpg"
            />
            <div
              class="checkoutProduct__info"
            >
              <p
                class="checkoutProduct__title"
              >
                登山グッズ一式
              </p>
              <p
                class="checkoutProduct__price"
              >
                <small>
                  $
                </small>
                <strong>
                  23,400
                </strong>
              </p>
              <div
                class="checkoutProduct__rating"
              >
                <p>
                  🌟
                </p>
                <p>
                  🌟
                </p>
                <p>
                  🌟
                </p>
                <p>
                  🌟
                </p>
              </div>
              <button>
                Remove from Basket
              </button>
            </div>
          </div>
          <div
            class="checkoutProduct"
          >
            <img
              alt="checkoutProductImg"
              class="checkoutProduct__image"
              src="https://images.camphack.jp/wp-content/uploads/2022/02/image19.jpeg"
            />
            <div
              class="checkoutProduct__info"
            >
              <p
                class="checkoutProduct__title"
              >
                キャンプグッズ一式
              </p>
              <p
                class="checkoutProduct__price"
              >
                <small>
                  $
                </small>
                <strong>
                  53,400
                </strong>
              </p>
              <div
                class="checkoutProduct__rating"
              >
                <p>
                  🌟
                </p>
                <p>
                  🌟
                </p>
                <p>
                  🌟
                </p>
                <p>
                  🌟
                </p>
                <p>
                  🌟
                </p>
              </div>
              <button>
                Remove from Basket
              </button>
            </div>
          </div>
          <div
            class="checkoutProduct"
          >
            <img
              alt="checkoutProductImg"
              class="checkoutProduct__image"
              src="https://m.media-amazon.com/images/I/616AAPLKJTL._AC_UY500_.jpg"
            />
            <div
              class="checkoutProduct__info"
            >
              <p
                class="checkoutProduct__title"
              >
                登山シューズ
              </p>
              <p
                class="checkoutProduct__price"
              >
                <small>
                  $
                </small>
                <strong>
                  16,400
                </strong>
              </p>
              <div
                class="checkoutProduct__rating"
              >
                <p>
                  🌟
                </p>
                <p>
                  🌟
                </p>
                <p>
                  🌟
                </p>
              </div>
              <button>
                Remove from Basket
              </button>
            </div>
          </div>
        </div>
      </div>
      <div
        class="checkout__right"
      >
        <div
          class="subtotal"
        >
          <p>
            Subtotal ( items): 
            <strong>
              $76,000
            </strong>
          </p>
          <small
            class="subtotal__gift"
          >
            <input
              type="checkbox"
            />
             This order contains a gift
          </small>
          <button>
            Proceed to Checkout
          </button>
        </div>
      </div>
    </div>
  </div>
</DocumentFragment>
`;
