// Jest Snapshot v1, https://goo.gl/fbAQLP

exports[`LoginPage Login画面 snapshot確認: LoginPage 1`] = `
<DocumentFragment>
  <div>
    <div
      class="login"
    >
      <a
        class="active"
        href="/"
      >
        <img
          alt="Amazon_logo"
          class="login__logo"
          src="https://upload.wikimedia.org/wikipedia/commons/thumb/a/a9/Amazon_logo.svg/1024px-Amazon_logo.svg.png"
        />
      </a>
      <div
        class="login__container"
      >
        <h1>
          ログイン
        </h1>
        <form>
          <h5>
            メール
          </h5>
          <input
            type="text"
          />
          <h5>
            パスワード
          </h5>
          <input
            type="password"
          />
          <button
            class="login_signInButton"
          >
            ログイン
          </button>
        </form>
        <p>
          サインインすることにより、Amazon FAKE CLONE の条件に同意したことになります 使用と販売。当社のプライバシーに関する通知または Cookie に関する通知をご覧ください。 およびインタレスト ベース広告の通知。
        </p>
        <button
          class="login__registerButton"
        >
          Amazon Accountを作成する
        </button>
      </div>
    </div>
  </div>
</DocumentFragment>
`;
