// Jest Snapshot v1, https://goo.gl/fbAQLP

exports[`RegisterPage Register画面 snapshot確認: RegisterPage 1`] = `
<DocumentFragment>
  <div>
    <div
      class="register"
    >
      <a
        class="active"
        href="/"
      >
        <img
          alt="Amazon_logo"
          class="register__logo"
          src="https://upload.wikimedia.org/wikipedia/commons/thumb/a/a9/Amazon_logo.svg/1024px-Amazon_logo.svg.png"
        />
      </a>
      <div
        class="register__container"
      >
        <h1>
          新規登録
        </h1>
        <form>
          <h5>
            メール
          </h5>
          <input
            type="text"
          />
          <h5>
            パスワード
          </h5>
          <input
            type="password"
          />
          <h5>
            パスワード（確認）
          </h5>
          <input
            type="password"
          />
          <button
            class="register_signInButton"
          >
            新規登録
          </button>
        </form>
        <p>
          登録することにより、Amazon FAKE CLONE's に同意したことになります 使用および販売条件。当社のプライバシー通知を参照するか、 Cookies Notice および当社のインタレスト ベース広告に関する通知。
        </p>
        <button
          class="register__registerButton"
        >
          Amazon Accountでログイン
        </button>
      </div>
    </div>
  </div>
</DocumentFragment>
`;
